../Core/Src/main.c:70:5:main	8	static
../Core/Src/main.c:137:6:HAL_UART_RxCpltCallback	16	static
../Core/Src/main.c:149:6:SystemClock_Config	128	static
../Core/Src/main.c:201:13:MX_I2C1_Init	8	static
../Core/Src/main.c:249:13:MX_SPI1_Init	8	static
../Core/Src/main.c:289:13:MX_TIM1_Init	40	static
../Core/Src/main.c:339:13:MX_USART1_UART_Init	8	static
../Core/Src/main.c:374:13:MX_USB_PCD_Init	8	static
../Core/Src/main.c:405:13:MX_GPIO_Init	48	static
../Core/Src/main.c:466:6:Error_Handler	4	static,ignoring_inline_asm
