../Core/Src/main.c:55:6:delay	16	static
../Core/Src/main.c:76:6:HAL_TIM_IC_CaptureCallback	16	static
../Core/Src/main.c:113:6:HCSR04_Read	8	static
../Core/Src/main.c:128:5:main	8	static
../Core/Src/main.c:182:6:HAL_UART_RxCpltCallback	16	static
../Core/Src/main.c:202:6:SystemClock_Config	128	static
../Core/Src/main.c:254:13:MX_I2C1_Init	8	static
../Core/Src/main.c:302:13:MX_SPI1_Init	8	static
../Core/Src/main.c:342:13:MX_TIM1_Init	40	static
../Core/Src/main.c:392:13:MX_TIM2_Init	40	static
../Core/Src/main.c:440:13:MX_USART1_UART_Init	8	static
../Core/Src/main.c:475:13:MX_USB_PCD_Init	8	static
../Core/Src/main.c:506:13:MX_GPIO_Init	48	static
../Core/Src/main.c:567:6:Error_Handler	4	static,ignoring_inline_asm
